Running Gradle task 'assembleDebug'...                          
warning: [options] source value 8 is obsolete and will be removed in a future release
warning: [options] target value 8 is obsolete and will be removed in a future release
warning: [options] To suppress warnings about obsolete options, use -Xlint:-options.
3 warnings
Note: Some input files use or override a deprecated API.
Note: Recompile with -Xlint:deprecation for details.
Running Gradle task 'assembleDebug'...                            189.4s
√ Built build\app\outputs\flutter-apk\app-debug.apk
